// Jest Snapshot v1, https://goo.gl/fbAQLP

exports[`CharacterContainer Should match the snapshot with all the proper data passed in 1`] = `ShallowWrapper {}`;
